[20:21:39] 正在检查更新...
[20:21:43] 正在检查更新...
[20:22:42] 正在检查更新...
[20:23:02] 正在检查更新...
[20:47:58] 自动翻译: 禁用
[20:48:05] 自动翻译: 启用
[20:49:55] 创建场景: 建图
[20:49:57] 应用场景: 建图
[20:50:00] 应用场景: 建图
[20:50:06] 删除场景: 建图
[20:51:41] 正在检查更新...
[20:51:41] 配置路径: /home/ub/ros_gui_launcher/dist/update_config.json
[20:51:41] 文件存在: True
[20:51:41] repo_owner: 091022yyj, repo_name: ros_gui_launcher
[20:51:54] 正在检查更新...
[20:51:54] 配置路径: /home/ub/ros_gui_launcher/dist/update_config.json
[20:51:54] 文件存在: True
[20:51:54] repo_owner: 091022yyj, repo_name: ros_gui_launcher
[20:59:20] 批量启用崩溃重启
[20:59:20] 批量启用崩溃重启
[20:59:28] 正在检查更新...
[20:59:28] 配置路径: /home/ub/ros_gui_launcher/dist/update_config.json
[20:59:28] 文件存在: True
[20:59:28] repo_owner: 091022yyj, repo_name: ros_gui_launcher
[21:05:03] 已清理旧日志文件
[21:05:06] 已清理旧日志文件
